11:06:23 **** Build of configuration Debug for project GPIO ****
make -r -j3 all 
Building target: GPIO.axf
Invoking: MCU Linker
arm-none-eabi-gcc -nostdlib -Xlinker -Map="GPIO.map" -Xlinker --gc-sections -Xlinker -print-memory-usage -Xlinker --sort-section=alignment -Xlinker --cref -mcpu=cortex-m0plus -mthumb -T GPIO_Debug.ld -o "GPIO.axf"  ./utilities/fsl_debug_console.o  ./startup/startup_mkl25z4.o  ./source/GPIO.o ./source/mtb.o ./source/semihost_hardfault.o  ./drivers/fsl_clock.o ./drivers/fsl_common.o ./drivers/fsl_flash.o ./drivers/fsl_gpio.o ./drivers/fsl_lpsci.o ./drivers/fsl_smc.o ./drivers/fsl_uart.o  ./board/board.o ./board/clock_config.o ./board/peripherals.o ./board/pin_mux.o  ./CMSIS/system_MKL25Z4.o   
Memory region         Used Size  Region Size  %age Used
   PROGRAM_FLASH:        2892 B       128 KB      2.21%
            SRAM:        2384 B        16 KB     14.55%
Finished building target: GPIO.axf
 
make --no-print-directory post-build
Performing post-build steps
arm-none-eabi-size "GPIO.axf"; # arm-none-eabi-objcopy -v -O binary "GPIO.axf" "GPIO.bin" ; # checksum -p MKL25Z128xxx4 -d "GPIO.bin";
   text	   data	    bss	    dec	    hex	filename
   2892	      0	   2384	   5276	   149c	GPIO.axf
 

11:06:24 Build Finished. 0 errors, 0 warnings. (took 813ms)

