02:13:03 **** Incremental Build of configuration Debug for project UART ****
make -r -j3 all 
Building file: ../source/UART.c
Invoking: MCU C Compiler
arm-none-eabi-gcc -D__REDLIB__ -DCPU_MKL25Z128VLK4 -DCPU_MKL25Z128VLK4_cm0plus -DSDK_OS_BAREMETAL -DFSL_RTOS_BM -DSDK_DEBUGCONSOLE=0 -DCR_INTEGER_PRINTF -DPRINTF_FLOAT_ENABLE=0 -D__MCUXPRESSO -D__USE_CMSIS -DDEBUG -I../board -I../source -I../ -I../drivers -I../CMSIS -I../utilities -I../startup -O0 -fno-common -g3 -Wall -c -fmessage-length=0 -fno-builtin -ffunction-sections -fdata-sections -mcpu=cortex-m0plus -mthumb -D__REDLIB__ -fstack-usage -specs=redlib.specs -MMD -MP -MF"source/UART.d" -MT"source/UART.o" -MT"source/UART.d" -o "source/UART.o" "../source/UART.c"
Finished building: ../source/UART.c
 
Building target: UART.axf
Invoking: MCU Linker
arm-none-eabi-gcc -nostdlib -Xlinker -Map="UART.map" -Xlinker --gc-sections -Xlinker -print-memory-usage -Xlinker --sort-section=alignment -Xlinker --cref -mcpu=cortex-m0plus -mthumb -T UART_Debug.ld -o "UART.axf"  ./utilities/fsl_debug_console.o  ./startup/startup_mkl25z4.o  ./source/UART.o ./source/mtb.o ./source/semihost_hardfault.o  ./drivers/fsl_clock.o ./drivers/fsl_common.o ./drivers/fsl_flash.o ./drivers/fsl_gpio.o ./drivers/fsl_lpsci.o ./drivers/fsl_smc.o ./drivers/fsl_uart.o  ./board/board.o ./board/clock_config.o ./board/peripherals.o ./board/pin_mux.o  ./CMSIS/system_MKL25Z4.o   
Memory region         Used Size  Region Size  %age Used
   PROGRAM_FLASH:        3096 B       128 KB      2.36%
            SRAM:        2384 B        16 KB     14.55%
Finished building target: UART.axf
 
make --no-print-directory post-build
Performing post-build steps
arm-none-eabi-size "UART.axf"; # arm-none-eabi-objcopy -v -O binary "UART.axf" "UART.bin" ; # checksum -p MKL25Z128xxx4 -d "UART.bin";
   text	   data	    bss	    dec	    hex	filename
   3096	      0	   2384	   5480	   1568	UART.axf
 

02:13:03 Build Finished. 0 errors, 0 warnings. (took 802ms)

